// Jest Snapshot v1, https://goo.gl/fbAQLP

exports[`tracks トラック一覧を取得できる 1`] = `
Object {
  "data": Object {
    "tracks": Array [
      Object {
        "author": Object {
          "id": "string",
          "name": "string",
          "photo": "string",
        },
        "description": "string",
        "id": "string",
        "length": 0,
        "numberOfViews": 0,
        "thumbnail": "string",
        "title": "string",
      },
    ],
  },
  "errors": undefined,
  "extensions": undefined,
  "http": Object {
    "headers": Headers {
      Symbol(map): Object {},
    },
  },
}
`;
